1529436	1529436	cellular organisms;Eukaryota;Opisthokonta;Metazoa;Eumetazoa;Bilateria;Deuterostomia;Echinodermata;Pelmatozoa;Crinoidea;Articulata;Comatulida;Comatulidae;Comatulinae;Anneissia;Anneissia japonica	no rank;superkingdom;clade;kingdom;clade;clade;clade;phylum;clade;class;subclass;order;family;subfamily;genus;species
2711157	2711157	cellular organisms;Eukaryota;Opisthokonta;Metazoa;Eumetazoa;Bilateria;Deuterostomia;Echinodermata;Pelmatozoa;Crinoidea;Articulata;Comatulida;Comatulidae;Comatulinae;Anneissia;Anneissia pinguis	no rank;superkingdom;clade;kingdom;clade;clade;clade;phylum;clade;class;subclass;order;family;subfamily;genus;species
1529435	1529435	cellular organisms;Eukaryota;Opisthokonta;Metazoa;Eumetazoa;Bilateria;Deuterostomia;Echinodermata;Pelmatozoa;Crinoidea;Articulata;Comatulida;Comatulidae;Comatulinae;Anneissia;Anneissia bennetti	no rank;superkingdom;clade;kingdom;clade;clade;clade;phylum;clade;class;subclass;order;family;subfamily;genus;species
